// Jest Snapshot v1, https://goo.gl/fbAQLP

exports[`Coaches Page Renders component in loading state 1`] = `
<div>
  <div
    class="layout"
  >
    <main
      class="layout__main"
    >
      <h1>
        Coaches
      </h1>
      <span>
        Loading...
      </span>
    </main>
  </div>
</div>
`;
